node_modules/react-hook-form/dist/watch.d.ts(37,30): error TS1139: Type parameter declaration expected.
node_modules/react-hook-form/dist/watch.d.ts(37,36): error TS1005: ',' expected.
node_modules/react-hook-form/dist/watch.d.ts(37,48): error TS1005: ',' expected.
node_modules/react-hook-form/dist/watch.d.ts(37,65): error TS1005: ',' expected.
node_modules/react-hook-form/dist/watch.d.ts(37,74): error TS1005: ',' expected.
node_modules/react-hook-form/dist/watch.d.ts(37,105): error TS1005: ';' expected.
node_modules/react-hook-form/dist/watch.d.ts(37,218): error TS1005: ')' expected.
node_modules/react-hook-form/dist/watch.d.ts(37,287): error TS1005: ';' expected.
node_modules/react-hook-form/dist/watch.d.ts(37,289): error TS1128: Declaration or statement expected.
node_modules/zod/v4/classic/schemas.d.cts(459,31): error TS1139: Type parameter declaration expected.
node_modules/zod/v4/classic/schemas.d.cts(459,39): error TS1005: ',' expected.
node_modules/zod/v4/classic/schemas.d.cts(459,56): error TS1005: ',' expected.
node_modules/zod/v4/classic/schemas.d.cts(459,60): error TS1005: ',' expected.
node_modules/zod/v4/classic/schemas.d.cts(459,69): error TS1005: ',' expected.
node_modules/zod/v4/classic/schemas.d.cts(459,71): error TS1005: ',' expected.
node_modules/zod/v4/classic/schemas.d.cts(459,80): error TS1005: ')' expected.
node_modules/zod/v4/classic/schemas.d.cts(459,92): error TS1109: Expression expected.
node_modules/zod/v4/classic/schemas.d.cts(459,123): error TS1005: ';' expected.
node_modules/zod/v4/classic/schemas.d.cts(459,124): error TS1128: Declaration or statement expected.
node_modules/zod/v4/classic/schemas.d.cts(503,13): error TS1139: Type parameter declaration expected.
node_modules/zod/v4/classic/schemas.d.cts(503,21): error TS1005: ',' expected.
node_modules/zod/v4/classic/schemas.d.cts(503,38): error TS1005: ',' expected.
node_modules/zod/v4/classic/schemas.d.cts(503,45): error TS1005: ')' expected.
node_modules/zod/v4/classic/schemas.d.cts(503,46): error TS1128: Declaration or statement expected.
node_modules/zod/v4/classic/schemas.d.cts(503,57): error TS1005: ')' expected.
node_modules/zod/v4/classic/schemas.d.cts(503,69): error TS1109: Expression expected.
node_modules/zod/v4/classic/schemas.d.cts(503,99): error TS1005: ';' expected.
node_modules/zod/v4/classic/schemas.d.cts(503,100): error TS1128: Declaration or statement expected.
node_modules/zod/v4/classic/schemas.d.cts(504,13): error TS1109: Expression expected.
node_modules/zod/v4/classic/schemas.d.cts(504,21): error TS1005: ',' expected.
node_modules/zod/v4/classic/schemas.d.cts(504,38): error TS1005: ',' expected.
node_modules/zod/v4/classic/schemas.d.cts(504,45): error TS1005: ')' expected.
node_modules/zod/v4/classic/schemas.d.cts(504,46): error TS1128: Declaration or statement expected.
node_modules/zod/v4/classic/schemas.d.cts(504,57): error TS1005: ')' expected.
node_modules/zod/v4/classic/schemas.d.cts(504,69): error TS1109: Expression expected.
node_modules/zod/v4/classic/schemas.d.cts(504,99): error TS1005: ';' expected.
node_modules/zod/v4/classic/schemas.d.cts(504,100): error TS1128: Declaration or statement expected.
node_modules/zod/v4/classic/schemas.d.cts(505,1): error TS1128: Declaration or statement expected.
node_modules/zod/v4/classic/schemas.d.cts(507,24): error TS1139: Type parameter declaration expected.
node_modules/zod/v4/classic/schemas.d.cts(507,32): error TS1005: ',' expected.
node_modules/zod/v4/classic/schemas.d.cts(507,49): error TS1005: ',' expected.
node_modules/zod/v4/classic/schemas.d.cts(507,55): error TS1005: ',' expected.
node_modules/zod/v4/classic/schemas.d.cts(507,57): error TS1005: ',' expected.
node_modules/zod/v4/classic/schemas.d.cts(507,65): error TS1005: ')' expected.
node_modules/zod/v4/classic/schemas.d.cts(507,77): error TS1109: Expression expected.
node_modules/zod/v4/classic/schemas.d.cts(507,107): error TS1005: ';' expected.
node_modules/zod/v4/classic/schemas.d.cts(507,108): error TS1128: Declaration or statement expected.
node_modules/zod/v4/classic/schemas.d.cts(508,24): error TS1139: Type parameter declaration expected.
node_modules/zod/v4/classic/schemas.d.cts(508,32): error TS1005: ',' expected.
node_modules/zod/v4/classic/schemas.d.cts(508,44): error TS1005: ',' expected.
node_modules/zod/v4/classic/schemas.d.cts(508,53): error TS1005: ',' expected.
node_modules/zod/v4/classic/schemas.d.cts(508,62): error TS1005: ')' expected.
node_modules/zod/v4/classic/schemas.d.cts(508,74): error TS1109: Expression expected.
node_modules/zod/v4/classic/schemas.d.cts(508,104): error TS1005: ';' expected.
node_modules/zod/v4/classic/schemas.d.cts(508,105): error TS1128: Declaration or statement expected.
node_modules/zod/v4/classic/schemas.d.cts(524,33): error TS1139: Type parameter declaration expected.
node_modules/zod/v4/classic/schemas.d.cts(524,41): error TS1005: ',' expected.
node_modules/zod/v4/classic/schemas.d.cts(524,62): error TS1005: ',' expected.
node_modules/zod/v4/classic/schemas.d.cts(524,76): error TS1109: Expression expected.
node_modules/zod/v4/classic/schemas.d.cts(524,83): error TS1005: ')' expected.
node_modules/zod/v4/classic/schemas.d.cts(524,95): error TS1109: Expression expected.
node_modules/zod/v4/classic/schemas.d.cts(524,128): error TS1005: ';' expected.
node_modules/zod/v4/classic/schemas.d.cts(524,129): error TS1128: Declaration or statement expected.
node_modules/zod/v4/classic/schemas.d.cts(525,33): error TS1139: Type parameter declaration expected.
node_modules/zod/v4/classic/schemas.d.cts(525,41): error TS1005: ',' expected.
node_modules/zod/v4/classic/schemas.d.cts(525,53): error TS1005: ',' expected.
node_modules/zod/v4/classic/schemas.d.cts(525,61): error TS1005: ',' expected.
node_modules/zod/v4/classic/schemas.d.cts(525,68): error TS1005: ')' expected.
node_modules/zod/v4/classic/schemas.d.cts(525,80): error TS1109: Expression expected.
node_modules/zod/v4/classic/schemas.d.cts(525,113): error TS1005: ';' expected.
node_modules/zod/v4/classic/schemas.d.cts(525,114): error TS1128: Declaration or statement expected.
node_modules/zod/v4/classic/schemas.d.cts(587,30): error TS1139: Type parameter declaration expected.
node_modules/zod/v4/classic/schemas.d.cts(587,38): error TS1005: ',' expected.
node_modules/zod/v4/classic/schemas.d.cts(587,50): error TS1005: ',' expected.
node_modules/zod/v4/classic/schemas.d.cts(587,63): error TS1005: ',' expected.
node_modules/zod/v4/classic/schemas.d.cts(587,75): error TS1005: ',' expected.
node_modules/zod/v4/classic/schemas.d.cts(587,84): error TS1005: ',' expected.
node_modules/zod/v4/classic/schemas.d.cts(587,92): error TS1005: '>' expected.
node_modules/zod/v4/classic/schemas.d.cts(587,110): error TS1109: Expression expected.
node_modules/zod/v4/classic/schemas.d.cts(587,155): error TS1005: ')' expected.
node_modules/zod/v4/classic/schemas.d.cts(587,163): error TS1005: ';' expected.
node_modules/zod/v4/classic/schemas.d.cts(587,207): error TS1005: ';' expected.
node_modules/zod/v4/classic/schemas.d.cts(587,208): error TS1128: Declaration or statement expected.
node_modules/zod/v4/classic/schemas.d.cts(593,31): error TS1139: Type parameter declaration expected.
node_modules/zod/v4/classic/schemas.d.cts(593,39): error TS1005: ',' expected.
node_modules/zod/v4/classic/schemas.d.cts(593,51): error TS1005: ',' expected.
node_modules/zod/v4/classic/schemas.d.cts(593,64): error TS1005: ',' expected.
node_modules/zod/v4/classic/schemas.d.cts(593,76): error TS1005: ',' expected.
node_modules/zod/v4/classic/schemas.d.cts(593,106): error TS1005: ')' expected.
node_modules/zod/v4/classic/schemas.d.cts(596,2): error TS1005: ',' expected.
node_modules/zod/v4/classic/schemas.d.cts(596,3): error TS1134: Variable declaration expected.
node_modules/zod/v4/classic/schemas.d.cts(596,13): error TS1005: ',' expected.
node_modules/zod/v4/classic/schemas.d.cts(596,15): error TS1005: '>' expected.
node_modules/zod/v4/classic/schemas.d.cts(596,19): error TS1109: Expression expected.
node_modules/zod/v4/classic/schemas.d.cts(605,41): error TS1139: Type parameter declaration expected.
node_modules/zod/v4/classic/schemas.d.cts(605,53): error TS1005: ',' expected.
node_modules/zod/v4/classic/schemas.d.cts(605,65): error TS1005: ',' expected.
node_modules/zod/v4/classic/schemas.d.cts(605,89): error TS1005: ',' expected.
node_modules/zod/v4/classic/schemas.d.cts(605,91): error TS1005: ',' expected.
node_modules/zod/v4/classic/schemas.d.cts(605,98): error TS1005: ')' expected.
node_modules/zod/v4/classic/schemas.d.cts(605,114): error TS1109: Expression expected.
node_modules/zod/v4/classic/schemas.d.cts(605,155): error TS1005: ';' expected.
node_modules/zod/v4/classic/schemas.d.cts(605,156): error TS1128: Declaration or statement expected.
node_modules/zod/v4/classic/schemas.d.cts(620,11): error TS1139: Type parameter declaration expected.
node_modules/zod/v4/classic/schemas.d.cts(620,23): error TS1005: ',' expected.
node_modules/zod/v4/classic/schemas.d.cts(620,35): error TS1005: ',' expected.
node_modules/zod/v4/classic/schemas.d.cts(620,48): error TS1389: 'const' is not allowed as a variable declaration name.
node_modules/zod/v4/classic/schemas.d.cts(620,59): error TS1005: ',' expected.
node_modules/zod/v4/classic/schemas.d.cts(620,71): error TS1005: ',' expected.
node_modules/zod/v4/classic/schemas.d.cts(620,116): error TS1005: ')' expected.
node_modules/zod/v4/classic/schemas.d.cts(620,129): error TS1005: ',' expected.
node_modules/zod/v4/classic/schemas.d.cts(620,130): error TS1134: Variable declaration expected.
node_modules/zod/v4/classic/schemas.d.cts(620,136): error TS1005: ',' expected.
node_modules/zod/v4/classic/schemas.d.cts(620,137): error TS1134: Variable declaration expected.
node_modules/zod/v4/classic/schemas.d.cts(620,150): error TS1005: ',' expected.
node_modules/zod/v4/classic/schemas.d.cts(620,178): error TS1005: '>' expected.
node_modules/zod/v4/classic/schemas.d.cts(620,188): error TS1109: Expression expected.
node_modules/zod/v4/classic/schemas.d.cts(621,46): error TS1005: '?' expected.
node_modules/zod/v4/classic/schemas.d.cts(621,52): error TS1005: ',' expected.
node_modules/zod/v4/classic/schemas.d.cts(621,62): error TS1005: ';' expected.
node_modules/zod/v4/classic/schemas.d.cts(622,18): error TS1005: ',' expected.
node_modules/zod/v4/classic/schemas.d.cts(622,24): error TS1011: An element access expression should take an argument.
node_modules/zod/v4/classic/schemas.d.cts(622,26): error TS1005: ';' expected.
node_modules/zod/v4/classic/schemas.d.cts(623,44): error TS1005: '?' expected.
node_modules/zod/v4/classic/schemas.d.cts(623,52): error TS1005: ',' expected.
node_modules/zod/v4/classic/schemas.d.cts(623,65): error TS1005: ';' expected.
node_modules/zod/v4/classic/schemas.d.cts(624,1): error TS1128: Declaration or statement expected.
node_modules/zod/v4/classic/schemas.d.cts(627,35): error TS1139: Type parameter declaration expected.
node_modules/zod/v4/classic/schemas.d.cts(627,44): error TS1005: ',' expected.
node_modules/zod/v4/classic/schemas.d.cts(627,65): error TS1005: ',' expected.
node_modules/zod/v4/classic/schemas.d.cts(627,80): error TS1109: Expression expected.
node_modules/zod/v4/classic/schemas.d.cts(627,88): error TS1005: ')' expected.
node_modules/zod/v4/classic/schemas.d.cts(629,2): error TS1128: Declaration or statement expected.
node_modules/zod/v4/classic/schemas.d.cts(629,3): error TS1128: Declaration or statement expected.
node_modules/zod/v4/classic/schemas.d.cts(630,35): error TS1139: Type parameter declaration expected.
node_modules/zod/v4/classic/schemas.d.cts(630,44): error TS1005: ',' expected.
node_modules/zod/v4/classic/schemas.d.cts(630,65): error TS1005: ',' expected.
node_modules/zod/v4/classic/schemas.d.cts(630,80): error TS1109: Expression expected.
node_modules/zod/v4/classic/schemas.d.cts(630,82): error TS1109: Expression expected.
node_modules/zod/v4/classic/schemas.d.cts(630,92): error TS1005: ',' expected.
node_modules/zod/v4/classic/schemas.d.cts(630,104): error TS1005: ',' expected.
node_modules/zod/v4/classic/schemas.d.cts(630,151): error TS1005: ')' expected.
node_modules/zod/v4/classic/schemas.d.cts(631,14): error TS1005: ',' expected.
node_modules/zod/v4/classic/schemas.d.cts(633,1): error TS1128: Declaration or statement expected.
node_modules/zod/v4/classic/schemas.d.cts(633,2): error TS1128: Declaration or statement expected.
node_modules/zod/v4/classic/schemas.d.cts(633,3): error TS1128: Declaration or statement expected.
node_modules/zod/v4/classic/schemas.d.cts(634,35): error TS1139: Type parameter declaration expected.
node_modules/zod/v4/classic/schemas.d.cts(634,44): error TS1005: ',' expected.
node_modules/zod/v4/classic/schemas.d.cts(634,56): error TS1005: ',' expected.
node_modules/zod/v4/classic/schemas.d.cts(634,101): error TS1005: ')' expected.
node_modules/zod/v4/classic/schemas.d.cts(635,14): error TS1005: ',' expected.
node_modules/zod/v4/classic/schemas.d.cts(636,1): error TS1128: Declaration or statement expected.
node_modules/zod/v4/classic/schemas.d.cts(636,2): error TS1128: Declaration or statement expected.
node_modules/zod/v4/classic/schemas.d.cts(636,3): error TS1128: Declaration or statement expected.
node_modules/zod/v4/classic/schemas.d.cts(637,35): error TS1139: Type parameter declaration expected.
node_modules/zod/v4/classic/schemas.d.cts(637,45): error TS1005: ',' expected.
node_modules/zod/v4/classic/schemas.d.cts(637,57): error TS1005: ',' expected.
node_modules/zod/v4/classic/schemas.d.cts(637,104): error TS1005: ')' expected.
node_modules/zod/v4/classic/schemas.d.cts(638,16): error TS1005: ',' expected.
node_modules/zod/v4/classic/schemas.d.cts(639,1): error TS1128: Declaration or statement expected.
node_modules/zod/v4/classic/schemas.d.cts(639,2): error TS1128: Declaration or statement expected.
node_modules/zod/v4/classic/schemas.d.cts(639,3): error TS1128: Declaration or statement expected.
node_modules/zod/v4/core/api.d.cts(205,32): error TS1139: Type parameter declaration expected.
node_modules/zod/v4/core/api.d.cts(205,40): error TS1005: ',' expected.
node_modules/zod/v4/core/api.d.cts(205,57): error TS1005: ',' expected.
node_modules/zod/v4/core/api.d.cts(205,64): error TS1005: ',' expected.
node_modules/zod/v4/core/api.d.cts(205,75): error TS1005: ',' expected.
node_modules/zod/v4/core/api.d.cts(205,77): error TS1005: ',' expected.
node_modules/zod/v4/core/api.d.cts(205,84): error TS1005: ')' expected.
node_modules/zod/v4/core/api.d.cts(205,130): error TS1005: ';' expected.
node_modules/zod/v4/core/api.d.cts(205,142): error TS1109: Expression expected.
node_modules/zod/v4/core/api.d.cts(205,168): error TS1005: ';' expected.
node_modules/zod/v4/core/api.d.cts(205,169): error TS1128: Declaration or statement expected.
node_modules/zod/v4/core/api.d.cts(226,31): error TS1139: Type parameter declaration expected.
node_modules/zod/v4/core/api.d.cts(226,39): error TS1005: ',' expected.
node_modules/zod/v4/core/api.d.cts(226,53): error TS1005: ',' expected.
node_modules/zod/v4/core/api.d.cts(226,55): error TS1005: ',' expected.
node_modules/zod/v4/core/api.d.cts(226,62): error TS1005: ')' expected.
node_modules/zod/v4/core/api.d.cts(226,106): error TS1005: ';' expected.
node_modules/zod/v4/core/api.d.cts(226,118): error TS1109: Expression expected.
node_modules/zod/v4/core/api.d.cts(226,143): error TS1005: ';' expected.
node_modules/zod/v4/core/api.d.cts(226,144): error TS1128: Declaration or statement expected.
node_modules/zod/v4/core/api.d.cts(237,34): error TS1139: Type parameter declaration expected.
node_modules/zod/v4/core/api.d.cts(237,42): error TS1005: ',' expected.
node_modules/zod/v4/core/api.d.cts(237,55): error TS1005: ',' expected.
node_modules/zod/v4/core/api.d.cts(237,69): error TS1109: Expression expected.
node_modules/zod/v4/core/api.d.cts(237,76): error TS1005: ')' expected.
node_modules/zod/v4/core/api.d.cts(237,122): error TS1005: ';' expected.
node_modules/zod/v4/core/api.d.cts(237,134): error TS1109: Expression expected.
node_modules/zod/v4/core/api.d.cts(237,162): error TS1005: ';' expected.
node_modules/zod/v4/core/api.d.cts(237,163): error TS1128: Declaration or statement expected.
node_modules/zod/v4/core/api.d.cts(238,34): error TS1139: Type parameter declaration expected.
node_modules/zod/v4/core/api.d.cts(238,42): error TS1005: ',' expected.
node_modules/zod/v4/core/api.d.cts(238,54): error TS1005: ',' expected.
node_modules/zod/v4/core/api.d.cts(238,62): error TS1005: ',' expected.
node_modules/zod/v4/core/api.d.cts(238,69): error TS1005: ')' expected.
node_modules/zod/v4/core/api.d.cts(238,115): error TS1005: ';' expected.
node_modules/zod/v4/core/api.d.cts(238,127): error TS1109: Expression expected.
node_modules/zod/v4/core/api.d.cts(238,155): error TS1005: ';' expected.
node_modules/zod/v4/core/api.d.cts(238,156): error TS1128: Declaration or statement expected.
node_modules/zod/v4/core/api.d.cts(256,31): error TS1139: Type parameter declaration expected.
node_modules/zod/v4/core/api.d.cts(256,39): error TS1005: ',' expected.
node_modules/zod/v4/core/api.d.cts(256,54): error TS1005: ',' expected.
node_modules/zod/v4/core/api.d.cts(256,67): error TS1005: ',' expected.
node_modules/zod/v4/core/api.d.cts(256,82): error TS1005: ',' expected.
node_modules/zod/v4/core/api.d.cts(256,91): error TS1005: ',' expected.
node_modules/zod/v4/core/api.d.cts(256,99): error TS1005: '>' expected.
node_modules/zod/v4/core/api.d.cts(256,117): error TS1109: Expression expected.
node_modules/zod/v4/core/api.d.cts(256,167): error TS1005: ')' expected.
node_modules/zod/v4/core/api.d.cts(256,208): error TS1005: ';' expected.
node_modules/zod/v4/core/api.d.cts(256,216): error TS1005: ';' expected.
node_modules/zod/v4/core/api.d.cts(256,263): error TS1005: ';' expected.
node_modules/zod/v4/core/api.d.cts(256,264): error TS1128: Declaration or statement expected.
node_modules/zod/v4/core/api.d.cts(260,42): error TS1139: Type parameter declaration expected.
node_modules/zod/v4/core/api.d.cts(260,54): error TS1005: ',' expected.
node_modules/zod/v4/core/api.d.cts(260,69): error TS1005: ',' expected.
node_modules/zod/v4/core/api.d.cts(260,93): error TS1005: ',' expected.
node_modules/zod/v4/core/api.d.cts(260,95): error TS1005: ',' expected.
node_modules/zod/v4/core/api.d.cts(260,102): error TS1005: ')' expected.
node_modules/zod/v4/core/api.d.cts(260,156): error TS1005: ';' expected.
node_modules/zod/v4/core/api.d.cts(260,172): error TS1109: Expression expected.
node_modules/zod/v4/core/api.d.cts(260,208): error TS1005: ';' expected.
node_modules/zod/v4/core/api.d.cts(260,209): error TS1128: Declaration or statement expected.
node_modules/zod/v4/core/schemas.d.cts(1052,11): error TS1139: Type parameter declaration expected.
node_modules/zod/v4/core/schemas.d.cts(1052,23): error TS1005: ',' expected.
node_modules/zod/v4/core/schemas.d.cts(1052,35): error TS1005: ',' expected.
node_modules/zod/v4/core/schemas.d.cts(1052,48): error TS1389: 'const' is not allowed as a variable declaration name.
node_modules/zod/v4/core/schemas.d.cts(1052,59): error TS1005: ',' expected.
node_modules/zod/v4/core/schemas.d.cts(1052,106): error TS1005: ')' expected.
node_modules/zod/v4/core/schemas.d.cts(1052,119): error TS1005: ',' expected.
node_modules/zod/v4/core/schemas.d.cts(1052,120): error TS1134: Variable declaration expected.
node_modules/zod/v4/core/schemas.d.cts(1052,126): error TS1005: ',' expected.
node_modules/zod/v4/core/schemas.d.cts(1052,127): error TS1134: Variable declaration expected.
node_modules/zod/v4/core/schemas.d.cts(1052,141): error TS1005: ',' expected.
node_modules/zod/v4/core/schemas.d.cts(1052,164): error TS1005: '>' expected.
node_modules/zod/v4/core/schemas.d.cts(1052,174): error TS1109: Expression expected.
node_modules/zod/v4/core/schemas.d.cts(1053,41): error TS1005: '?' expected.
node_modules/zod/v4/core/schemas.d.cts(1053,47): error TS1005: ',' expected.
node_modules/zod/v4/core/schemas.d.cts(1053,57): error TS1005: ';' expected.
node_modules/zod/v4/core/schemas.d.cts(1054,18): error TS1005: ',' expected.
node_modules/zod/v4/core/schemas.d.cts(1054,24): error TS1011: An element access expression should take an argument.
node_modules/zod/v4/core/schemas.d.cts(1054,26): error TS1005: ';' expected.
node_modules/zod/v4/core/schemas.d.cts(1055,39): error TS1005: '?' expected.
node_modules/zod/v4/core/schemas.d.cts(1055,47): error TS1005: ',' expected.
node_modules/zod/v4/core/schemas.d.cts(1055,60): error TS1005: ';' expected.
node_modules/zod/v4/core/schemas.d.cts(1056,1): error TS1128: Declaration or statement expected.
